---
source: src/routes/achievements.rs
expression: "json!({ \"status\": status.as_u16(), \"body\": body })"
---
{
  "body": {
    "consistency_king": {
      "current": 0,
      "max": 30
    },
    "data_lover": {
      "current": 0,
      "max": 10
    },
    "first_entry": {
      "current": 0,
      "max": 1
    },
    "mood_master": {
      "current": 0,
      "max": 100
    },
    "week_warrior": {
      "current": 0,
      "max": 7
    }
  },
  "status": 200
}
